2026-09-24 14:02:07,348 [Worker-4: Loading available Gradle versions] INFO  o.e.b.c.i.u.g.PublishedGradleVersions - Gradle version information cache is not available. Remote download required.
2026-09-24 14:04:12,305 [Worker-2: Loading available Gradle versions] INFO  o.e.b.c.i.u.g.PublishedGradleVersions - Gradle version information cache is up-to-date. Trying to read.
2026-09-24 14:07:40,138 [Worker-34: Computing Git status for repository university-work] ERROR org.eclipse.jgit.util.FS - \\FSI-HOME-WIN\HOME-ETUD\klm5738a\INFO2-ILU1\university-work\.git
java.nio.file.AccessDeniedException: \\FSI-HOME-WIN\HOME-ETUD\klm5738a\INFO2-ILU1\university-work\.git
	at java.base/sun.nio.fs.WindowsException.translateToIOException(WindowsException.java:89)
	at java.base/sun.nio.fs.WindowsException.rethrowAsIOException(WindowsException.java:103)
	at java.base/sun.nio.fs.WindowsException.rethrowAsIOException(WindowsException.java:108)
	at java.base/sun.nio.fs.WindowsFileStore.create(WindowsFileStore.java:109)
	at java.base/sun.nio.fs.WindowsFileSystemProvider.getFileStore(WindowsFileSystemProvider.java:482)
	at java.base/java.nio.file.Files.getFileStore(Files.java:1375)
	at org.eclipse.jgit.util.FS$FileStoreAttributes.getFileStoreAttributes(FS.java:369)
	at org.eclipse.jgit.util.FS$FileStoreAttributes.get(FS.java:352)
	at org.eclipse.jgit.util.FS.getFileStoreAttributes(FS.java:924)
	at org.eclipse.jgit.internal.storage.file.FileSnapshot.fileStoreAttributeCache(FileSnapshot.java:542)
	at org.eclipse.jgit.internal.storage.file.FileSnapshot.getEffectiveRacyThreshold(FileSnapshot.java:475)
	at org.eclipse.jgit.internal.storage.file.FileSnapshot.isRacyClean(FileSnapshot.java:461)
	at org.eclipse.jgit.internal.storage.file.FileSnapshot.isModified(FileSnapshot.java:505)
	at org.eclipse.jgit.internal.storage.file.FileSnapshot.isModified(FileSnapshot.java:302)
	at org.eclipse.jgit.internal.storage.file.RefDirectory.scanRef(RefDirectory.java:1263)
	at org.eclipse.jgit.internal.storage.file.RefDirectory.readRef(RefDirectory.java:1221)
	at org.eclipse.jgit.internal.storage.file.RefDirectory.readAndResolve(RefDirectory.java:327)
	at org.eclipse.jgit.internal.storage.file.RefDirectory.firstExactRef(RefDirectory.java:378)
	at org.eclipse.jgit.lib.RefDatabase.findRef(RefDatabase.java:265)
	at org.eclipse.jgit.lib.Repository.findRef(Repository.java:1103)
	at org.eclipse.jgit.lib.Repository.resolve(Repository.java:816)
	at org.eclipse.jgit.lib.Repository.resolve(Repository.java:474)
	at org.eclipse.egit.core.RepositoryHandle.resolve(RepositoryHandle.java:268)
	at org.eclipse.jgit.lib.IndexDiff.<init>(IndexDiff.java:278)
	at org.eclipse.egit.core.internal.indexdiff.IndexDiffCacheEntry.lambda$8(IndexDiffCacheEntry.java:633)
	at org.eclipse.egit.core.UnitOfWork.run(UnitOfWork.java:115)
	at org.eclipse.egit.core.internal.indexdiff.IndexDiffCacheEntry.calcIndexDiffDataFull(IndexDiffCacheEntry.java:628)
	at org.eclipse.egit.core.internal.indexdiff.IndexDiffCacheEntry$2.reload(IndexDiffCacheEntry.java:399)
	at org.eclipse.egit.core.internal.indexdiff.IndexDiffCacheEntry$IndexDiffReloadJob.run(IndexDiffCacheEntry.java:776)
	at org.eclipse.core.internal.jobs.Worker.run(Worker.java:63)
2026-09-24 14:07:40,195 [Worker-34: Computing Git status for repository university-work] ERROR org.eclipse.jgit.util.FS - \\FSI-HOME-WIN\HOME-ETUD\klm5738a\INFO2-ILU1\university-work\.git\refs\heads
java.nio.file.AccessDeniedException: \\FSI-HOME-WIN\HOME-ETUD\klm5738a\INFO2-ILU1\university-work\.git\refs\heads
	at java.base/sun.nio.fs.WindowsException.translateToIOException(WindowsException.java:89)
	at java.base/sun.nio.fs.WindowsException.rethrowAsIOException(WindowsException.java:103)
	at java.base/sun.nio.fs.WindowsException.rethrowAsIOException(WindowsException.java:108)
	at java.base/sun.nio.fs.WindowsFileStore.create(WindowsFileStore.java:109)
	at java.base/sun.nio.fs.WindowsFileSystemProvider.getFileStore(WindowsFileSystemProvider.java:482)
	at java.base/java.nio.file.Files.getFileStore(Files.java:1375)
	at org.eclipse.jgit.util.FS$FileStoreAttributes.getFileStoreAttributes(FS.java:369)
	at org.eclipse.jgit.util.FS$FileStoreAttributes.get(FS.java:352)
	at org.eclipse.jgit.util.FS.getFileStoreAttributes(FS.java:924)
	at org.eclipse.jgit.internal.storage.file.FileSnapshot.fileStoreAttributeCache(FileSnapshot.java:542)
	at org.eclipse.jgit.internal.storage.file.FileSnapshot.getEffectiveRacyThreshold(FileSnapshot.java:475)
	at org.eclipse.jgit.internal.storage.file.FileSnapshot.isRacyClean(FileSnapshot.java:461)
	at org.eclipse.jgit.internal.storage.file.FileSnapshot.isModified(FileSnapshot.java:505)
	at org.eclipse.jgit.internal.storage.file.FileSnapshot.isModified(FileSnapshot.java:302)
	at org.eclipse.jgit.internal.storage.file.RefDirectory.scanRef(RefDirectory.java:1263)
	at org.eclipse.jgit.internal.storage.file.RefDirectory.readRef(RefDirectory.java:1221)
	at org.eclipse.jgit.internal.storage.file.RefDirectory.resolve(RefDirectory.java:978)
	at org.eclipse.jgit.internal.storage.file.RefDirectory.readAndResolve(RefDirectory.java:329)
	at org.eclipse.jgit.internal.storage.file.RefDirectory.firstExactRef(RefDirectory.java:378)
	at org.eclipse.jgit.lib.RefDatabase.findRef(RefDatabase.java:265)
	at org.eclipse.jgit.lib.Repository.findRef(Repository.java:1103)
	at org.eclipse.jgit.lib.Repository.resolve(Repository.java:816)
	at org.eclipse.jgit.lib.Repository.resolve(Repository.java:474)
	at org.eclipse.egit.core.RepositoryHandle.resolve(RepositoryHandle.java:268)
	at org.eclipse.jgit.lib.IndexDiff.<init>(IndexDiff.java:278)
	at org.eclipse.egit.core.internal.indexdiff.IndexDiffCacheEntry.lambda$8(IndexDiffCacheEntry.java:633)
	at org.eclipse.egit.core.UnitOfWork.run(UnitOfWork.java:115)
	at org.eclipse.egit.core.internal.indexdiff.IndexDiffCacheEntry.calcIndexDiffDataFull(IndexDiffCacheEntry.java:628)
	at org.eclipse.egit.core.internal.indexdiff.IndexDiffCacheEntry$2.reload(IndexDiffCacheEntry.java:399)
	at org.eclipse.egit.core.internal.indexdiff.IndexDiffCacheEntry$IndexDiffReloadJob.run(IndexDiffCacheEntry.java:776)
	at org.eclipse.core.internal.jobs.Worker.run(Worker.java:63)
2026-09-24 14:07:40,233 [Worker-34: Computing Git status for repository university-work] ERROR org.eclipse.jgit.util.FS - \\FSI-HOME-WIN\HOME-ETUD\klm5738a\INFO2-ILU1\university-work\.git\objects
java.nio.file.AccessDeniedException: \\FSI-HOME-WIN\HOME-ETUD\klm5738a\INFO2-ILU1\university-work\.git\objects
	at java.base/sun.nio.fs.WindowsException.translateToIOException(WindowsException.java:89)
	at java.base/sun.nio.fs.WindowsException.rethrowAsIOException(WindowsException.java:103)
	at java.base/sun.nio.fs.WindowsException.rethrowAsIOException(WindowsException.java:108)
	at java.base/sun.nio.fs.WindowsFileStore.create(WindowsFileStore.java:109)
	at java.base/sun.nio.fs.WindowsFileSystemProvider.getFileStore(WindowsFileSystemProvider.java:482)
	at java.base/java.nio.file.Files.getFileStore(Files.java:1375)
	at org.eclipse.jgit.util.FS$FileStoreAttributes.getFileStoreAttributes(FS.java:369)
	at org.eclipse.jgit.util.FS$FileStoreAttributes.get(FS.java:352)
	at org.eclipse.jgit.util.FS.getFileStoreAttributes(FS.java:924)
	at org.eclipse.jgit.internal.storage.file.FileSnapshot.fileStoreAttributeCache(FileSnapshot.java:542)
	at org.eclipse.jgit.internal.storage.file.FileSnapshot.getEffectiveRacyThreshold(FileSnapshot.java:475)
	at org.eclipse.jgit.internal.storage.file.FileSnapshot.isRacyClean(FileSnapshot.java:461)
	at org.eclipse.jgit.internal.storage.file.FileSnapshot.isModified(FileSnapshot.java:505)
	at org.eclipse.jgit.internal.storage.file.FileSnapshot.isModified(FileSnapshot.java:302)
	at org.eclipse.jgit.internal.storage.file.PackDirectory.searchPacksAgain(PackDirectory.java:398)
	at org.eclipse.jgit.internal.storage.file.PackDirectory.open(PackDirectory.java:250)
	at org.eclipse.jgit.internal.storage.file.ObjectDirectory.openPackedObject(ObjectDirectory.java:422)
	at org.eclipse.jgit.internal.storage.file.ObjectDirectory.openPackedFromSelfOrAlternate(ObjectDirectory.java:385)
	at org.eclipse.jgit.internal.storage.file.ObjectDirectory.openObjectWithoutRestoring(ObjectDirectory.java:375)
	at org.eclipse.jgit.internal.storage.file.ObjectDirectory.openObject(ObjectDirectory.java:359)
	at org.eclipse.jgit.internal.storage.file.WindowCursor.open(WindowCursor.java:149)
	at org.eclipse.jgit.lib.ObjectReader.open(ObjectReader.java:216)
	at org.eclipse.jgit.revwalk.RevWalk.parseAny(RevWalk.java:1224)
	at org.eclipse.jgit.revwalk.RevWalk.parseTree(RevWalk.java:1162)
	at org.eclipse.jgit.lib.IndexDiff.<init>(IndexDiff.java:298)
	at org.eclipse.jgit.lib.IndexDiff.<init>(IndexDiff.java:278)
	at org.eclipse.egit.core.internal.indexdiff.IndexDiffCacheEntry.lambda$8(IndexDiffCacheEntry.java:633)
	at org.eclipse.egit.core.UnitOfWork.run(UnitOfWork.java:115)
	at org.eclipse.egit.core.internal.indexdiff.IndexDiffCacheEntry.calcIndexDiffDataFull(IndexDiffCacheEntry.java:628)
	at org.eclipse.egit.core.internal.indexdiff.IndexDiffCacheEntry$2.reload(IndexDiffCacheEntry.java:399)
	at org.eclipse.egit.core.internal.indexdiff.IndexDiffCacheEntry$IndexDiffReloadJob.run(IndexDiffCacheEntry.java:776)
	at org.eclipse.core.internal.jobs.Worker.run(Worker.java:63)
2026-09-24 14:14:14,952 [Worker-7: Git Repository Change Scanner] ERROR org.eclipse.jgit.util.FS - \\FSI-HOME-WIN\HOME-ETUD\klm5738a\INFO2-ILU1\university-work\.git\refs\remotes\origin
java.nio.file.AccessDeniedException: \\FSI-HOME-WIN\HOME-ETUD\klm5738a\INFO2-ILU1\university-work\.git\refs\remotes\origin
	at java.base/sun.nio.fs.WindowsException.translateToIOException(WindowsException.java:89)
	at java.base/sun.nio.fs.WindowsException.rethrowAsIOException(WindowsException.java:103)
	at java.base/sun.nio.fs.WindowsException.rethrowAsIOException(WindowsException.java:108)
	at java.base/sun.nio.fs.WindowsFileStore.create(WindowsFileStore.java:109)
	at java.base/sun.nio.fs.WindowsFileSystemProvider.getFileStore(WindowsFileSystemProvider.java:482)
	at java.base/java.nio.file.Files.getFileStore(Files.java:1375)
	at org.eclipse.jgit.util.FS$FileStoreAttributes.getFileStoreAttributes(FS.java:369)
	at org.eclipse.jgit.util.FS$FileStoreAttributes.get(FS.java:352)
	at org.eclipse.jgit.util.FS.getFileStoreAttributes(FS.java:924)
	at org.eclipse.jgit.internal.storage.file.FileSnapshot.fileStoreAttributeCache(FileSnapshot.java:542)
	at org.eclipse.jgit.internal.storage.file.FileSnapshot.getEffectiveRacyThreshold(FileSnapshot.java:475)
	at org.eclipse.jgit.internal.storage.file.FileSnapshot.isRacyClean(FileSnapshot.java:461)
	at org.eclipse.jgit.internal.storage.file.FileSnapshot.isModified(FileSnapshot.java:505)
	at org.eclipse.jgit.internal.storage.file.FileSnapshot.isModified(FileSnapshot.java:302)
	at org.eclipse.jgit.internal.storage.file.RefDirectory.scanRef(RefDirectory.java:1263)
	at org.eclipse.jgit.internal.storage.file.RefDirectory$LooseScanner.scanOne(RefDirectory.java:552)
	at org.eclipse.jgit.internal.storage.file.RefDirectory$LooseScanner.scanTree(RefDirectory.java:520)
	at org.eclipse.jgit.internal.storage.file.RefDirectory$LooseScanner.scanTree(RefDirectory.java:518)
	at org.eclipse.jgit.internal.storage.file.RefDirectory$LooseScanner.scanTree(RefDirectory.java:518)
	at org.eclipse.jgit.internal.storage.file.RefDirectory$LooseScanner.scan(RefDirectory.java:474)
	at org.eclipse.jgit.internal.storage.file.RefDirectory.getRefs(RefDirectory.java:393)
	at org.eclipse.jgit.lib.RefDatabase.getRefsByPrefix(RefDatabase.java:430)
	at org.eclipse.jgit.lib.RefDatabase.getRefs(RefDatabase.java:355)
	at org.eclipse.jgit.internal.storage.file.FileRepository.scanForRepoChanges(FileRepository.java:513)
	at org.eclipse.egit.core.RepositoryHandle.scanForRepoChanges(RepositoryHandle.java:339)
	at org.eclipse.egit.ui.internal.ExternalRepositoryScanner$RepositoryChangeScanner.run(ExternalRepositoryScanner.java:281)
	at org.eclipse.core.internal.jobs.Worker.run(Worker.java:63)
