2026-09-24 12:02:07.124: [INFO] CurrentProfilePath: \\fsi-home-win\HOME-ETUD\klm5738a\INFO2-ILU1\university-work\workspace\.metadata\.plugins\org.eclipse.swt\EBWebView\Default
2026-09-24 12:02:07.124: [INFO] Profiles total count: 1
2026-09-24 12:02:07.124: [INFO] Profile: name=Profil 1 path=\\fsi-home-win\HOME-ETUD\klm5738a\INFO2-ILU1\university-work\workspace\.metadata\.plugins\org.eclipse.swt\EBWebView\Default lastActive=null
2026-09-24 12:02:07.124: [INFO] LastUsedProfileDir: \\fsi-home-win\HOME-ETUD\klm5738a\INFO2-ILU1\university-work\workspace\.metadata\.plugins\org.eclipse.swt\EBWebView\Default
2026-09-24 12:02:07.124: [INFO] OnDoneLoading sync enabled: 0
2026-09-24 12:02:07.124: [INFO] BookmarkModelLoaded, ids_reassigned: 0
2026-09-24 12:02:07.124: [INFO] BookmarksLoadDropped droppedNodes=0
2026-09-24 12:02:07.124: [INFO] BookmarksSnapshot Startup total=0 bar=0 other=0 mobile=0 showBar=0 showBarNTP=1
2026-09-24 12:02:14.308: [INFO] BookmarksSnapshot Shutdown total=0 bar=0 other=0 mobile=0 showBar=0 showBarNTP=1
2026-09-24 12:02:14.755: [INFO] CurrentProfilePath: \\fsi-home-win\HOME-ETUD\klm5738a\INFO2-ILU1\university-work\workspace\.metadata\.plugins\org.eclipse.swt\EBWebView\Default
2026-09-24 12:02:14.755: [INFO] Profiles total count: 1
2026-09-24 12:02:14.755: [INFO] Profile: name=Profil 1 path=\\fsi-home-win\HOME-ETUD\klm5738a\INFO2-ILU1\university-work\workspace\.metadata\.plugins\org.eclipse.swt\EBWebView\Default lastActive=2026-09-24T12:02:07.320Z
2026-09-24 12:02:14.755: [INFO] LastUsedProfileDir: \\fsi-home-win\HOME-ETUD\klm5738a\INFO2-ILU1\university-work\workspace\.metadata\.plugins\org.eclipse.swt\EBWebView\Default
2026-09-24 12:02:14.755: [INFO] MostRecentlyActiveProfile: name=Profil 1 path=\\fsi-home-win\HOME-ETUD\klm5738a\INFO2-ILU1\university-work\workspace\.metadata\.plugins\org.eclipse.swt\EBWebView\Default lastActive=2026-09-24T12:02:07.320Z
2026-09-24 12:02:14.755: [INFO] OnDoneLoading sync enabled: 0
2026-09-24 12:02:14.755: [INFO] BookmarkModelLoaded, ids_reassigned: 0
2026-09-24 12:02:14.755: [INFO] BookmarksLoadDropped droppedNodes=0
2026-09-24 12:02:14.755: [INFO] BookmarksSnapshot Startup total=0 bar=0 other=0 mobile=0 showBar=0 showBarNTP=1
2026-09-24 12:03:56.736: [INFO] BookmarksSnapshot Shutdown total=0 bar=0 other=0 mobile=0 showBar=0 showBarNTP=1
2026-09-24 12:04:11.448: [INFO] CurrentProfilePath: \\fsi-home-win\HOME-ETUD\klm5738a\INFO2-ILU1\university-work\workspace\.metadata\.plugins\org.eclipse.swt\EBWebView\Default
2026-09-24 12:04:11.448: [INFO] Profiles total count: 1
2026-09-24 12:04:11.448: [INFO] Profile: name=Profil 1 path=\\fsi-home-win\HOME-ETUD\klm5738a\INFO2-ILU1\university-work\workspace\.metadata\.plugins\org.eclipse.swt\EBWebView\Default lastActive=2026-09-24T12:02:07.320Z
2026-09-24 12:04:11.448: [INFO] LastUsedProfileDir: \\fsi-home-win\HOME-ETUD\klm5738a\INFO2-ILU1\university-work\workspace\.metadata\.plugins\org.eclipse.swt\EBWebView\Default
2026-09-24 12:04:11.448: [INFO] MostRecentlyActiveProfile: name=Profil 1 path=\\fsi-home-win\HOME-ETUD\klm5738a\INFO2-ILU1\university-work\workspace\.metadata\.plugins\org.eclipse.swt\EBWebView\Default lastActive=2026-09-24T12:02:07.320Z
2026-09-24 12:04:11.448: [INFO] OnDoneLoading sync enabled: 0
2026-09-24 12:04:11.448: [INFO] BookmarkModelLoaded, ids_reassigned: 0
2026-09-24 12:04:11.448: [INFO] BookmarksLoadDropped droppedNodes=0
2026-09-24 12:04:11.448: [INFO] BookmarksSnapshot Startup total=0 bar=0 other=0 mobile=0 showBar=0 showBarNTP=1
2026-09-24 12:04:18.760: [INFO] BookmarksSnapshot Shutdown total=0 bar=0 other=0 mobile=0 showBar=0 showBarNTP=1
2026-09-24 12:04:19.241: [INFO] CurrentProfilePath: \\fsi-home-win\HOME-ETUD\klm5738a\INFO2-ILU1\university-work\workspace\.metadata\.plugins\org.eclipse.swt\EBWebView\Default
2026-09-24 12:04:19.241: [INFO] Profiles total count: 1
2026-09-24 12:04:19.241: [INFO] Profile: name=Profil 1 path=\\fsi-home-win\HOME-ETUD\klm5738a\INFO2-ILU1\university-work\workspace\.metadata\.plugins\org.eclipse.swt\EBWebView\Default lastActive=2026-09-24T12:04:12.280Z
2026-09-24 12:04:19.241: [INFO] LastUsedProfileDir: \\fsi-home-win\HOME-ETUD\klm5738a\INFO2-ILU1\university-work\workspace\.metadata\.plugins\org.eclipse.swt\EBWebView\Default
2026-09-24 12:04:19.241: [INFO] MostRecentlyActiveProfile: name=Profil 1 path=\\fsi-home-win\HOME-ETUD\klm5738a\INFO2-ILU1\university-work\workspace\.metadata\.plugins\org.eclipse.swt\EBWebView\Default lastActive=2026-09-24T12:04:12.280Z
2026-09-24 12:04:19.241: [INFO] OnDoneLoading sync enabled: 0
2026-09-24 12:04:19.241: [INFO] BookmarkModelLoaded, ids_reassigned: 0
2026-09-24 12:04:19.241: [INFO] BookmarksLoadDropped droppedNodes=0
2026-09-24 12:04:19.241: [INFO] BookmarksSnapshot Startup total=0 bar=0 other=0 mobile=0 showBar=0 showBarNTP=1
2026-09-24 12:48:42.172: [INFO] BookmarksSnapshot Shutdown total=0 bar=0 other=0 mobile=0 showBar=0 showBarNTP=1
2026-09-24 12:52:26.511: [INFO] CurrentProfilePath: \\fsi-home-win\HOME-ETUD\klm5738a\INFO2-ILU1\university-work\workspace\.metadata\.plugins\org.eclipse.swt\EBWebView\Default
2026-09-24 12:52:26.511: [INFO] Profiles total count: 1
2026-09-24 12:52:26.511: [INFO] Profile: name=Profil 1 path=\\fsi-home-win\HOME-ETUD\klm5738a\INFO2-ILU1\university-work\workspace\.metadata\.plugins\org.eclipse.swt\EBWebView\Default lastActive=2026-09-24T12:15:05.968Z
2026-09-24 12:52:26.511: [INFO] LastUsedProfileDir: \\fsi-home-win\HOME-ETUD\klm5738a\INFO2-ILU1\university-work\workspace\.metadata\.plugins\org.eclipse.swt\EBWebView\Default
2026-09-24 12:52:26.511: [INFO] MostRecentlyActiveProfile: name=Profil 1 path=\\fsi-home-win\HOME-ETUD\klm5738a\INFO2-ILU1\university-work\workspace\.metadata\.plugins\org.eclipse.swt\EBWebView\Default lastActive=2026-09-24T12:15:05.968Z
2026-09-24 12:52:26.511: [INFO] OnDoneLoading sync enabled: 0
2026-09-24 12:52:26.511: [INFO] BookmarkModelLoaded, ids_reassigned: 0
2026-09-24 12:52:26.511: [INFO] BookmarksLoadDropped droppedNodes=0
2026-09-24 12:52:26.511: [INFO] BookmarksSnapshot Startup total=0 bar=0 other=0 mobile=0 showBar=0 showBarNTP=1
2026-09-24 13:00:48.127: [INFO] BookmarksSnapshot Shutdown total=0 bar=0 other=0 mobile=0 showBar=0 showBarNTP=1
